#
# There is insufficient memory for the Java Runtime Environment to continue.
# Native memory allocation (malloc) failed to allocate 1048576 bytes. Error detail: AllocateHeap
# Possible reasons:
#   The system is out of physical RAM or swap space
#   This process is running with CompressedOops enabled, and the Java Heap may be blocking the growth of the native heap
# Possible solutions:
#   Reduce memory load on the system
#   Increase physical memory or swap space
#   Check if swap backing store is full
#   Decrease Java heap size (-Xmx/-Xms)
#   Decrease number of Java threads
#   Decrease Java thread stack sizes (-Xss)
#   Set larger code cache with -XX:ReservedCodeCacheSize=
#   JVM is running with Unscaled Compressed Oops mode in which the Java heap is
#     placed in the first 4GB address space. The Java Heap base address is the
#     maximum limit for the native heap growth. Please use -XX:HeapBaseMinAddress
#     to set the Java Heap base and to place the Java Heap above 4GB virtual address.
# This output file may be truncated or incomplete.
#
#  Out of Memory Error (allocation.cpp:44), pid=21744, tid=25504
#
# JRE version: OpenJDK Runtime Environment Temurin-21.0.10+7 (21.0.10+7) (build 21.0.10+7-LTS)
# Java VM: OpenJDK 64-Bit Server VM Temurin-21.0.10+7 (21.0.10+7-LTS, mixed mode, sharing, tiered, compressed oops, compressed class ptrs, parallel gc, windows-amd64)
# No core dump will be written. Minidumps are not enabled by default on client versions of Windows
#

---------------  S U M M A R Y ------------

Command Line: --add-modules=ALL-SYSTEM --add-opens=java.base/java.util=ALL-UNNAMED --add-opens=java.base/java.lang=ALL-UNNAMED --add-opens=java.base/sun.nio.fs=ALL-UNNAMED -Declipse.application=org.eclipse.jdt.ls.core.id1 -Dosgi.bundles.defaultStartLevel=4 -Declipse.product=org.eclipse.jdt.ls.core.product -Djava.import.generatesMetadataFilesAtProjectRoot=false -DDetectVMInstallationsJob.disabled=true -Dfile.encoding=utf8 -XX:+UseParallelGC -XX:GCTimeRatio=4 -XX:AdaptiveSizePolicyWeight=90 -Dsun.zip.disableMemoryMapping=true -Xmx2G -Xms100m -Xlog:disable -javaagent:c:\Users\upate\.vscode\extensions\redhat.java-1.54.0-win32-x64\lombok\lombok-1.18.39-4050.jar -XX:+HeapDumpOnOutOfMemoryError -XX:HeapDumpPath=c:\Users\upate\AppData\Roaming\Code\User\workspaceStorage\4c3d79a52c6db7e548a9b8ed200ca196\redhat.java -Daether.dependencyCollector.impl=bf c:\Users\upate\.vscode\extensions\redhat.java-1.54.0-win32-x64\server\plugins\org.eclipse.equinox.launcher_1.7.100.v20251111-0406.jar -configuration c:\Users\upate\AppData\Roaming\Code\User\globalStorage\redhat.java\1.54.0\config_win -data c:\Users\upate\AppData\Roaming\Code\User\workspaceStorage\4c3d79a52c6db7e548a9b8ed200ca196\redhat.java\jdt_ws --pipe=\\.\pipe\lsp-77ce2ef56cb3e184225ce184ef3c2c39-sock

Host: 12th Gen Intel(R) Core(TM) i5-12450H, 12 cores, 15G,  Windows 11 , 64 bit Build 26100 (10.0.26100.8328)
Time: Thu Jun 11 00:11:48 2026 India Standard Time elapsed time: 28032.736922 seconds (0d 7h 47m 12s)

---------------  T H R E A D  ---------------

Current thread (0x000001aea0f1d380):  JavaThread "Attach Listener" daemon [_thread_in_vm, id=25504, stack(0x000000028d600000,0x000000028d700000) (1024K)]

Stack: [0x000000028d600000,0x000000028d700000]
Native frames: (J=compiled Java code, j=interpreted, Vv=VM code, C=native code)
V  [jvm.dll+0x6d7a39]
V  [jvm.dll+0x8b4b26]
V  [jvm.dll+0x8b70de]
V  [jvm.dll+0x8b77c3]
V  [jvm.dll+0x284346]
V  [jvm.dll+0xc1277]
V  [jvm.dll+0x6d82e9]
V  [jvm.dll+0x1334a6]
V  [jvm.dll+0x3f857e]
V  [jvm.dll+0x85f59d]
V  [jvm.dll+0x6d626d]
C  [ucrtbase.dll+0x37b0]
C  [KERNEL32.DLL+0x2e957]
C  [ntdll.dll+0x427c]


---------------  P R O C E S S  ---------------

Threads class SMR info:
_java_thread_list=0x000001ae82294430, length=39, elements={
0x000001ae9eaa9900, 0x000001aea0f17f10, 0x000001aea0f1a450, 0x000001aea0f1c820,
0x000001aea0f1d380, 0x000001aea0f1dde0, 0x000001aea0f1e840, 0x000001aea101c050,
0x000001aef9b21750, 0x000001aef9cfcb10, 0x000001aef9e92240, 0x000001aeff7b1c70,
0x000001aeff433940, 0x000001aeff060850, 0x000001aeff6bdc20, 0x000001aeff752e10,
0x000001ae808e7ac0, 0x000001ae802c5e30, 0x000001ae80384060, 0x000001ae80384d80,
0x000001ae80385410, 0x000001ae80386e50, 0x000001ae803874e0, 0x000001ae80214420,
0x000001ae80214ab0, 0x000001ae80213070, 0x000001ae80213700, 0x000001ae80211cc0,
0x000001ae802129e0, 0x000001ae80213d90, 0x000001ae80215140, 0x000001ae80212350,
0x000001ae81da69b0, 0x000001ae81da5600, 0x000001ae81da4f70, 0x000001ae81da76d0,
0x000001ae81da48e0, 0x000001ae81da7d60, 0x000001ae8459eb20
}

Java Threads: ( => current thread )
  0x000001ae9eaa9900 JavaThread "main"                              [_thread_blocked, id=24692, stack(0x000000028cf00000,0x000000028d000000) (1024K)]
  0x000001aea0f17f10 JavaThread "Reference Handler"          daemon [_thread_blocked, id=35724, stack(0x000000028d300000,0x000000028d400000) (1024K)]
  0x000001aea0f1a450 JavaThread "Finalizer"                  daemon [_thread_blocked, id=20364, stack(0x000000028d400000,0x000000028d500000) (1024K)]
  0x000001aea0f1c820 JavaThread "Signal Dispatcher"          daemon [_thread_blocked, id=18464, stack(0x000000028d500000,0x000000028d600000) (1024K)]
=>0x000001aea0f1d380 JavaThread "Attach Listener"            daemon [_thread_in_vm, id=25504, stack(0x000000028d600000,0x000000028d700000) (1024K)]
  0x000001aea0f1dde0 JavaThread "Service Thread"             daemon [_thread_blocked, id=4536, stack(0x000000028d700000,0x000000028d800000) (1024K)]
  0x000001aea0f1e840 JavaThread "Monitor Deflation Thread"   daemon [_thread_blocked, id=3624, stack(0x000000028d800000,0x000000028d900000) (1024K)]
  0x000001aea101c050 JavaThread "C2 CompilerThread0"         daemon [_thread_blocked, id=7620, stack(0x000000028d900000,0x000000028da00000) (1024K)]
  0x000001aef9b21750 JavaThread "C1 CompilerThread0"         daemon [_thread_blocked, id=20644, stack(0x000000028da00000,0x000000028db00000) (1024K)]
  0x000001aef9cfcb10 JavaThread "Common-Cleaner"             daemon [_thread_blocked, id=24568, stack(0x000000028dc00000,0x000000028dd00000) (1024K)]
  0x000001aef9e92240 JavaThread "Notification Thread"        daemon [_thread_blocked, id=26868, stack(0x000000028dd00000,0x000000028de00000) (1024K)]
  0x000001aeff7b1c70 JavaThread "Active Thread: Equinox Container: e7818a59-c19e-4f29-b705-e73349dd3bf9"        [_thread_blocked, id=21552, stack(0x000000028e500000,0x000000028e600000) (1024K)]
  0x000001aeff433940 JavaThread "Refresh Thread: Equinox Container: e7818a59-c19e-4f29-b705-e73349dd3bf9" daemon [_thread_blocked, id=14584, stack(0x000000028e700000,0x000000028e800000) (1024K)]
  0x000001aeff060850 JavaThread "Framework Event Dispatcher: Equinox Container: e7818a59-c19e-4f29-b705-e73349dd3bf9" daemon [_thread_blocked, id=35068, stack(0x000000028e800000,0x000000028e900000) (1024K)]
  0x000001aeff6bdc20 JavaThread "Start Level: Equinox Container: e7818a59-c19e-4f29-b705-e73349dd3bf9" daemon [_thread_blocked, id=10340, stack(0x000000028e900000,0x000000028ea00000) (1024K)]
  0x000001aeff752e10 JavaThread "Bundle File Closer"         daemon [_thread_blocked, id=25780, stack(0x000000028ec00000,0x000000028ed00000) (1024K)]
  0x000001ae808e7ac0 JavaThread "SCR Component Actor"        daemon [_thread_blocked, id=38820, stack(0x000000028db00000,0x000000028dc00000) (1024K)]
  0x000001ae802c5e30 JavaThread "Worker-JM"                         [_thread_blocked, id=39804, stack(0x000000028ee00000,0x000000028ef00000) (1024K)]
  0x000001ae80384060 JavaThread "JNA Cleaner"                daemon [_thread_blocked, id=27612, stack(0x000000028ef00000,0x000000028f000000) (1024K)]
  0x000001ae80384d80 JavaThread "Java indexing"              daemon [_thread_blocked, id=15872, stack(0x000000028f200000,0x000000028f300000) (1024K)]
  0x000001ae80385410 JavaThread "Worker-2"                          [_thread_blocked, id=16044, stack(0x000000028f500000,0x000000028f600000) (1024K)]
  0x000001ae80386e50 JavaThread "Thread-1"                   daemon [_thread_in_native, id=13596, stack(0x000000028f700000,0x000000028f800000) (1024K)]
  0x000001ae803874e0 JavaThread "Thread-2"                   daemon [_thread_in_native, id=33460, stack(0x000000028f800000,0x000000028f900000) (1024K)]
  0x000001ae80214420 JavaThread "Thread-3"                   daemon [_thread_in_native, id=20508, stack(0x000000028f900000,0x000000028fa00000) (1024K)]
  0x000001ae80214ab0 JavaThread "Thread-4"                   daemon [_thread_in_native, id=40736, stack(0x000000028fa00000,0x000000028fb00000) (1024K)]
  0x000001ae80213070 JavaThread "Thread-5"                   daemon [_thread_in_native, id=2472, stack(0x000000028fb00000,0x000000028fc00000) (1024K)]
  0x000001ae80213700 JavaThread "Thread-6"                   daemon [_thread_in_native, id=32072, stack(0x000000028fc00000,0x000000028fd00000) (1024K)]
  0x000001ae80211cc0 JavaThread "Thread-7"                   daemon [_thread_in_native, id=17640, stack(0x000000028fd00000,0x000000028fe00000) (1024K)]
  0x000001ae802129e0 JavaThread "Thread-8"                   daemon [_thread_in_native, id=21868, stack(0x000000028fe00000,0x000000028ff00000) (1024K)]
  0x000001ae80213d90 JavaThread "Thread-9"                   daemon [_thread_in_native, id=14456, stack(0x000000028ff00000,0x0000000290000000) (1024K)]
  0x000001ae80215140 JavaThread "Thread-10"                  daemon [_thread_in_native, id=31436, stack(0x0000000290000000,0x0000000290100000) (1024K)]
  0x000001ae80212350 JavaThread "Thread-11"                  daemon [_thread_in_native, id=13276, stack(0x0000000290100000,0x0000000290200000) (1024K)]
  0x000001ae81da69b0 JavaThread "Thread-12"                  daemon [_thread_in_native, id=14256, stack(0x0000000290200000,0x0000000290300000) (1024K)]
  0x000001ae81da5600 JavaThread "Thread-13"                  daemon [_thread_in_native, id=38996, stack(0x0000000290300000,0x0000000290400000) (1024K)]
  0x000001ae81da4f70 JavaThread "pool-2-thread-1"                   [_thread_blocked, id=27228, stack(0x0000000290400000,0x0000000290500000) (1024K)]
  0x000001ae81da76d0 JavaThread "Worker-4"                          [_thread_blocked, id=24600, stack(0x0000000290500000,0x0000000290600000) (1024K)]
  0x000001ae81da48e0 JavaThread "WorkspaceEventsHandler"            [_thread_blocked, id=33668, stack(0x0000000290800000,0x0000000290900000) (1024K)]
  0x000001ae81da7d60 JavaThread "pool-1-thread-1"                   [_thread_blocked, id=752, stack(0x0000000290900000,0x0000000290a00000) (1024K)]
  0x000001ae8459eb20 JavaThread "Cleaner-0"                  daemon [_thread_blocked, id=10384, stack(0x0000000291200000,0x0000000291300000) (1024K)]
Total: 39

Other Threads:
  0x000001aea0f04540 VMThread "VM Thread"                           [id=7368, stack(0x000000028d200000,0x000000028d300000) (1024K)]
  0x000001aea0dfca00 WatcherThread "VM Periodic Task Thread"        [id=7824, stack(0x000000028d100000,0x000000028d200000) (1024K)]
  0x000001aea0faae80 WorkerThread "GC Thread#0"                     [id=17976, stack(0x000000028d000000,0x000000028d100000) (1024K)]
  0x000001aeff4660c0 WorkerThread "GC Thread#1"                     [id=30632, stack(0x000000028df00000,0x000000028e000000) (1024K)]
  0x000001aeff466470 WorkerThread "GC Thread#2"                     [id=5384, stack(0x000000028e000000,0x000000028e100000) (1024K)]
  0x000001aeff65a9f0 WorkerThread "GC Thread#3"                     [id=25700, stack(0x000000028e100000,0x000000028e200000) (1024K)]
  0x000001aeff65ada0 WorkerThread "GC Thread#4"                     [id=436, stack(0x000000028e200000,0x000000028e300000) (1024K)]
  0x000001aeff601c50 WorkerThread "GC Thread#5"                     [id=25740, stack(0x000000028e300000,0x000000028e400000) (1024K)]
  0x000001aeff602000 WorkerThread "GC Thread#6"                     [id=19736, stack(0x000000028e400000,0x000000028e500000) (1024K)]
  0x000001aeff6eb270 WorkerThread "GC Thread#7"                     [id=29952, stack(0x000000028e600000,0x000000028e700000) (1024K)]
  0x000001ae806711c0 WorkerThread "GC Thread#8"                     [id=14248, stack(0x000000028ea00000,0x000000028eb00000) (1024K)]
  0x000001ae8051c330 WorkerThread "GC Thread#9"                     [id=21372, stack(0x000000028eb00000,0x000000028ec00000) (1024K)]
Total: 12

Threads with active compile tasks:
Total: 0

VM state: not at safepoint (normal execution)

VM Mutex/Monitor currently owned by a thread: None

Heap address: 0x0000000080000000, size: 2048 MB, Compressed Oops mode: 32-bit

CDS archive(s) mapped at: [0x000001aeb8000000-0x000001aeb8ba0000-0x000001aeb8ba0000), size 12189696, SharedBaseAddress: 0x000001aeb8000000, ArchiveRelocationMode: 1.
Compressed class space mapped at: 0x000001aeb9000000-0x000001aef9000000, reserved size: 1073741824
Narrow klass base: 0x000001aeb8000000, Narrow klass shift: 0, Narrow klass range: 0x100000000

GC Precious Log:
 CardTable entry size: 512
 CPUs: 12 total, 12 available
 Memory: 16058M
 Large Page Support: Disabled
 NUMA Support: Disabled
 Compressed Oops: Enabled (32-bit)
 Alignments: Space 512K, Generation 512K, Heap 2M
 Heap Min Capacity: 100M
 Heap Initial Capacity: 100M
 Heap Max Capacity: 2G
 Pre-touch: Disabled
 Parallel Workers: 10

Heap:
 PSYoungGen      total 13312K, used 2187K [0x00000000d5580000, 0x00000000d6580000, 0x0000000100000000)
  eden space 12800K, 15% used [0x00000000d5580000,0x00000000d576adb0,0x00000000d6200000)
  from space 512K, 43% used [0x00000000d6500000,0x00000000d6538000,0x00000000d6580000)
  to   space 512K, 0% used [0x00000000d6480000,0x00000000d6480000,0x00000000d6500000)
 ParOldGen       total 181760K, used 181691K [0x0000000080000000, 0x000000008b180000, 0x00000000d5580000)
  object space 181760K, 99% used [0x0000000080000000,0x000000008b16eef8,0x000000008b180000)
 Metaspace       used 81819K, committed 83520K, reserved 1179648K
  class space    used 8709K, committed 9472K, reserved 1048576K

Card table byte_map: [0x000001aea0910000,0x000001aea0d20000] _byte_map_base: 0x000001aea0510000

Marking Bits: (ParMarkBitMap*) 0x00007ffef1ed3450
 Begin Bits: [0x000001aeb3420000, 0x000001aeb5420000)
 End Bits:   [0x000001aeb5420000, 0x000001aeb7420000)

Polling page: 0x000001ae9ed50000

Metaspace:

Usage:
  Non-class:     71.40 MB used.
      Class:      8.51 MB used.
       Both:     79.90 MB used.

Virtual space:
  Non-class space:      128.00 MB reserved,      72.31 MB ( 56%) committed,  2 nodes.
      Class space:        1.00 GB reserved,       9.25 MB ( <1%) committed,  1 nodes.
             Both:        1.12 GB reserved,      81.56 MB (  7%) committed. 

Chunk freelists:
   Non-Class:  7.50 MB
       Class:  6.60 MB
        Both:  14.10 MB

MaxMetaspaceSize: unlimited
CompressedClassSpaceSize: 1.00 GB
Initial GC threshold: 21.00 MB
Current GC threshold: 97.31 MB
CDS: on
 - commit_granule_bytes: 65536.
 - commit_granule_words: 8192.
 - virtual_space_node_default_size: 8388608.
 - enlarge_chunks_in_place: 1.
 - use_allocation_guard: 0.


Internal statistics:

num_allocs_failed_limit: 9.
num_arena_births: 1370.
num_arena_deaths: 14.
num_vsnodes_births: 3.
num_vsnodes_deaths: 0.
num_space_committed: 1305.
num_space_uncommitted: 0.
num_chunks_returned_to_freelist: 23.
num_chunks_taken_from_freelist: 5151.
num_chunk_merges: 11.
num_chunk_splits: 3158.
num_chunks_enlarged: 1796.
num_inconsistent_stats: 0.

CodeHeap 'non-profiled nmethods': size=120000Kb used=13211Kb max_used=13211Kb free=106788Kb
 bounds [0x000001aeabc40000, 0x000001aeac930000, 0x000001aeb3170000]
CodeHeap 'profiled nmethods': size=120000Kb used=34091Kb max_used=34091Kb free=85908Kb
 bounds [0x000001aea4170000, 0x000001aea62c0000, 0x000001aeab6a0000]
CodeHeap 'non-nmethods': size=5760Kb used=1509Kb max_used=1607Kb free=4250Kb
 bounds [0x000001aeab6a0000, 0x000001aeab910000, 0x000001aeabc40000]
CodeCache: size=245760Kb, used=48811Kb, max_used=48909Kb, free=196946Kb
 total_blobs=14828, nmethods=14003, adapters=727, full_count=0
Compilation: enabled, stopped_count=0, restarted_count=0

Compilation events (20 events):
Event: 10031.390 Thread 0x000001aea101c050 nmethod 14775 0x000001aeac926590 code [0x000001aeac926720, 0x000001aeac9267c8]
Event: 10031.392 Thread 0x000001aef9b21750 nmethod 14776 0x000001aeac926890 code [0x000001aeac926a20, 0x000001aeac926ae8]
Event: 10726.070 Thread 0x000001aef9b21750 14777       3       java.util.logging.LogManager::demandLogger (23 bytes)
Event: 10726.080 Thread 0x000001aef9b21750 nmethod 14777 0x000001aea62b6c90 code [0x000001aea62b6e40, 0x000001aea62b7008]
Event: 10726.080 Thread 0x000001aef9b21750 14778       3       java.util.logging.LogManager::demandLogger (53 bytes)
Event: 10726.084 Thread 0x000001aef9b21750 nmethod 14778 0x000001aea62b7110 code [0x000001aea62b7340, 0x000001aea62b7998]
Event: 11110.990 Thread 0x000001aef9b21750 14779   !   3       org.eclipse.osgi.container.ModuleDatabase::getTimestamp (25 bytes)
Event: 11111.046 Thread 0x000001aef9b21750 nmethod 14779 0x000001aea62b7c10 code [0x000001aea62b7e60, 0x000001aea62b87a8]
Event: 11231.027 Thread 0x000001aef9b21750 14780       3       org.eclipse.osgi.storage.Storage::isReadOnly (10 bytes)
Event: 11231.039 Thread 0x000001aef9b21750 nmethod 14780 0x000001aea62b8c10 code [0x000001aea62b8dc0, 0x000001aea62b8f40]
Event: 12363.874 Thread 0x000001aef9b21750 14781   !   3       org.eclipse.osgi.internal.framework.StorageSaver$StorageSaverTask::run (31 bytes)
Event: 12363.934 Thread 0x000001aef9b21750 nmethod 14781 0x000001aea62b9010 code [0x000001aea62b91e0, 0x000001aea62b9480]
Event: 12369.102 Thread 0x000001aef9b21750 14783       3       java.util.logging.Logger::getLogger (8 bytes)
Event: 12369.102 Thread 0x000001aef9b21750 nmethod 14783 0x000001aea62b9610 code [0x000001aea62b97e0, 0x000001aea62b99a0]
Event: 12369.102 Thread 0x000001aef9b21750 14784       3       java.util.logging.Logger::getLogger (7 bytes)
Event: 12369.105 Thread 0x000001aef9b21750 nmethod 14784 0x000001aea62b9a90 code [0x000001aea62b9c40, 0x000001aea62b9d68]
Event: 12369.106 Thread 0x000001aef9b21750 14785       3       java.util.logging.Logger::demandLogger (36 bytes)
Event: 12369.110 Thread 0x000001aef9b21750 nmethod 14785 0x000001aea62b9e10 code [0x000001aea62ba0a0, 0x000001aea62bab50]
Event: 27670.347 Thread 0x000001aea101c050 14786       4       java.util.concurrent.locks.AbstractQueuedSynchronizer$Node::getAndUnsetStatus (14 bytes)
Event: 27670.365 Thread 0x000001aea101c050 nmethod 14786 0x000001aeac926b90 code [0x000001aeac926d20, 0x000001aeac926df0]

GC Heap History (20 events):
Event: 77.570 GC heap before
{Heap before GC invocations=110 (full 3):
 PSYoungGen      total 13824K, used 13824K [0x00000000d5580000, 0x00000000d6600000, 0x0000000100000000)
  eden space 13312K, 100% used [0x00000000d5580000,0x00000000d6280000,0x00000000d6280000)
  from space 512K, 100% used [0x00000000d6580000,0x00000000d6600000,0x00000000d6600000)
  to   space 1024K, 0% used [0x00000000d6400000,0x00000000d6400000,0x00000000d6500000)
 ParOldGen       total 174592K, used 174502K [0x0000000080000000, 0x000000008aa80000, 0x00000000d5580000)
  object space 174592K, 99% used [0x0000000080000000,0x000000008aa69950,0x000000008aa80000)
 Metaspace       used 81197K, committed 82880K, reserved 1179648K
  class space    used 8681K, committed 9408K, reserved 1048576K
}
Event: 77.572 GC heap after
{Heap after GC invocations=110 (full 3):
 PSYoungGen      total 14336K, used 256K [0x00000000d5580000, 0x00000000d6600000, 0x0000000100000000)
  eden space 13312K, 0% used [0x00000000d5580000,0x00000000d5580000,0x00000000d6280000)
  from space 1024K, 25% used [0x00000000d6400000,0x00000000d6440000,0x00000000d6500000)
  to   space 512K, 0% used [0x00000000d6580000,0x00000000d6580000,0x00000000d6600000)
 ParOldGen       total 175104K, used 174934K [0x0000000080000000, 0x000000008ab00000, 0x00000000d5580000)
  object space 175104K, 99% used [0x0000000080000000,0x000000008aad5950,0x000000008ab00000)
 Metaspace       used 81197K, committed 82880K, reserved 1179648K
  class space    used 8681K, committed 9408K, reserved 1048576K
}
Event: 79.903 GC heap before
{Heap before GC invocations=111 (full 3):
 PSYoungGen      total 14336K, used 13568K [0x00000000d5580000, 0x00000000d6600000, 0x0000000100000000)
  eden space 13312K, 100% used [0x00000000d5580000,0x00000000d6280000,0x00000000d6280000)
  from space 1024K, 25% used [0x00000000d6400000,0x00000000d6440000,0x00000000d6500000)
  to   space 512K, 0% used [0x00000000d6580000,0x00000000d6580000,0x00000000d6600000)
 ParOldGen       total 175104K, used 174934K [0x0000000080000000, 0x000000008ab00000, 0x00000000d5580000)
  object space 175104K, 99% used [0x0000000080000000,0x000000008aad5950,0x000000008ab00000)
 Metaspace       used 81239K, committed 82944K, reserved 1179648K
  class space    used 8681K, committed 9408K, reserved 1048576K
}
Event: 79.906 GC heap after
{Heap after GC invocations=111 (full 3):
 PSYoungGen      total 13312K, used 500K [0x00000000d5580000, 0x00000000d6980000, 0x0000000100000000)
  eden space 12800K, 0% used [0x00000000d5580000,0x00000000d5580000,0x00000000d6200000)
  from space 512K, 97% used [0x00000000d6580000,0x00000000d65fd2e0,0x00000000d6600000)
  to   space 3584K, 0% used [0x00000000d6200000,0x00000000d6200000,0x00000000d6580000)
 ParOldGen       total 177664K, used 177404K [0x0000000080000000, 0x000000008ad80000, 0x00000000d5580000)
  object space 177664K, 99% used [0x0000000080000000,0x000000008ad3f350,0x000000008ad80000)
 Metaspace       used 81239K, committed 82944K, reserved 1179648K
  class space    used 8681K, committed 9408K, reserved 1048576K
}
Event: 80.322 GC heap before
{Heap before GC invocations=112 (full 3):
 PSYoungGen      total 13312K, used 13300K [0x00000000d5580000, 0x00000000d6980000, 0x0000000100000000)
  eden space 12800K, 100% used [0x00000000d5580000,0x00000000d6200000,0x00000000d6200000)
  from space 512K, 97% used [0x00000000d6580000,0x00000000d65fd2e0,0x00000000d6600000)
  to   space 3584K, 0% used [0x00000000d6200000,0x00000000d6200000,0x00000000d6580000)
 ParOldGen       total 177664K, used 177404K [0x0000000080000000, 0x000000008ad80000, 0x00000000d5580000)
  object space 177664K, 99% used [0x0000000080000000,0x000000008ad3f350,0x000000008ad80000)
 Metaspace       used 81246K, committed 82944K, reserved 1179648K
  class space    used 8681K, committed 9408K, reserved 1048576K
}
Event: 80.325 GC heap after
{Heap after GC invocations=112 (full 3):
 PSYoungGen      total 13824K, used 864K [0x00000000d5580000, 0x00000000d6600000, 0x0000000100000000)
  eden space 12800K, 0% used [0x00000000d5580000,0x00000000d5580000,0x00000000d6200000)
  from space 1024K, 84% used [0x00000000d6200000,0x00000000d62d8000,0x00000000d6300000)
  to   space 2048K, 0% used [0x00000000d6400000,0x00000000d6400000,0x00000000d6600000)
 ParOldGen       total 177664K, used 177612K [0x0000000080000000, 0x000000008ad80000, 0x00000000d5580000)
  object space 177664K, 99% used [0x0000000080000000,0x000000008ad73350,0x000000008ad80000)
 Metaspace       used 81246K, committed 82944K, reserved 1179648K
  class space    used 8681K, committed 9408K, reserved 1048576K
}
Event: 82.640 GC heap before
{Heap before GC invocations=113 (full 3):
 PSYoungGen      total 13824K, used 13503K [0x00000000d5580000, 0x00000000d6600000, 0x0000000100000000)
  eden space 12800K, 98% used [0x00000000d5580000,0x00000000d61d7e28,0x00000000d6200000)
  from space 1024K, 84% used [0x00000000d6200000,0x00000000d62d8000,0x00000000d6300000)
  to   space 2048K, 0% used [0x00000000d6400000,0x00000000d6400000,0x00000000d6600000)
 ParOldGen       total 177664K, used 177612K [0x0000000080000000, 0x000000008ad80000, 0x00000000d5580000)
  object space 177664K, 99% used [0x0000000080000000,0x000000008ad73350,0x000000008ad80000)
 Metaspace       used 81299K, committed 83008K, reserved 1179648K
  class space    used 8681K, committed 9408K, reserved 1048576K
}
Event: 82.643 GC heap after
{Heap after GC invocations=113 (full 3):
 PSYoungGen      total 14848K, used 1771K [0x00000000d5580000, 0x00000000d6600000, 0x0000000100000000)
  eden space 12800K, 0% used [0x00000000d5580000,0x00000000d5580000,0x00000000d6200000)
  from space 2048K, 86% used [0x00000000d6400000,0x00000000d65bac60,0x00000000d6600000)
  to   space 2048K, 0% used [0x00000000d6200000,0x00000000d6200000,0x00000000d6400000)
 ParOldGen       total 179712K, used 179679K [0x0000000080000000, 0x000000008af80000, 0x00000000d5580000)
  object space 179712K, 99% used [0x0000000080000000,0x000000008af77fb0,0x000000008af80000)
 Metaspace       used 81299K, committed 83008K, reserved 1179648K
  class space    used 8681K, committed 9408K, reserved 1048576K
}
Event: 85.451 GC heap before
{Heap before GC invocations=114 (full 3):
 PSYoungGen      total 14848K, used 14571K [0x00000000d5580000, 0x00000000d6600000, 0x0000000100000000)
  eden space 12800K, 100% used [0x00000000d5580000,0x00000000d6200000,0x00000000d6200000)
  from space 2048K, 86% used [0x00000000d6400000,0x00000000d65bac60,0x00000000d6600000)
  to   space 2048K, 0% used [0x00000000d6200000,0x00000000d6200000,0x00000000d6400000)
 ParOldGen       total 179712K, used 179679K [0x0000000080000000, 0x000000008af80000, 0x00000000d5580000)
  object space 179712K, 99% used [0x0000000080000000,0x000000008af77fb0,0x000000008af80000)
 Metaspace       used 81350K, committed 83072K, reserved 1179648K
  class space    used 8682K, committed 9408K, reserved 1048576K
}
Event: 85.452 GC heap after
{Heap after GC invocations=114 (full 3):
 PSYoungGen      total 13824K, used 939K [0x00000000d5580000, 0x00000000d6500000, 0x0000000100000000)
  eden space 12800K, 0% used [0x00000000d5580000,0x00000000d5580000,0x00000000d6200000)
  from space 1024K, 91% used [0x00000000d6200000,0x00000000d62ead98,0x00000000d6300000)
  to   space 1536K, 0% used [0x00000000d6380000,0x00000000d6380000,0x00000000d6500000)
 ParOldGen       total 180224K, used 179815K [0x0000000080000000, 0x000000008b000000, 0x00000000d5580000)
  object space 180224K, 99% used [0x0000000080000000,0x000000008af99cc0,0x000000008b000000)
 Metaspace       used 81350K, committed 83072K, reserved 1179648K
  class space    used 8682K, committed 9408K, reserved 1048576K
}
Event: 86.580 GC heap before
{Heap before GC invocations=115 (full 3):
 PSYoungGen      total 13824K, used 13739K [0x00000000d5580000, 0x00000000d6500000, 0x0000000100000000)
  eden space 12800K, 99% used [0x00000000d5580000,0x00000000d61fffa8,0x00000000d6200000)
  from space 1024K, 91% used [0x00000000d6200000,0x00000000d62ead98,0x00000000d6300000)
  to   space 1536K, 0% used [0x00000000d6380000,0x00000000d6380000,0x00000000d6500000)
 ParOldGen       total 180224K, used 179815K [0x0000000080000000, 0x000000008b000000, 0x00000000d5580000)
  object space 180224K, 99% used [0x0000000080000000,0x000000008af99cc0,0x000000008b000000)
 Metaspace       used 81390K, committed 83072K, reserved 1179648K
  class space    used 8682K, committed 9408K, reserved 1048576K
}
Event: 86.581 GC heap after
{Heap after GC invocations=115 (full 3):
 PSYoungGen      total 13824K, used 960K [0x00000000d5580000, 0x00000000d6480000, 0x0000000100000000)
  eden space 12800K, 0% used [0x00000000d5580000,0x00000000d5580000,0x00000000d6200000)
  from space 1024K, 93% used [0x00000000d6380000,0x00000000d6470020,0x00000000d6480000)
  to   space 1024K, 0% used [0x00000000d6200000,0x00000000d6200000,0x00000000d6300000)
 ParOldGen       total 180224K, used 179990K [0x0000000080000000, 0x000000008b000000, 0x00000000d5580000)
  object space 180224K, 99% used [0x0000000080000000,0x000000008afc5a68,0x000000008b000000)
 Metaspace       used 81390K, committed 83072K, reserved 1179648K
  class space    used 8682K, committed 9408K, reserved 1048576K
}
Event: 87.182 GC heap before
{Heap before GC invocations=116 (full 3):
 PSYoungGen      total 13824K, used 13760K [0x00000000d5580000, 0x00000000d6480000, 0x0000000100000000)
  eden space 12800K, 100% used [0x00000000d5580000,0x00000000d6200000,0x00000000d6200000)
  from space 1024K, 93% used [0x00000000d6380000,0x00000000d6470020,0x00000000d6480000)
  to   space 1024K, 0% used [0x00000000d6200000,0x00000000d6200000,0x00000000d6300000)
 ParOldGen       total 180224K, used 179990K [0x0000000080000000, 0x000000008b000000, 0x00000000d5580000)
  object space 180224K, 99% used [0x0000000080000000,0x000000008afc5a68,0x000000008b000000)
 Metaspace       used 81402K, committed 83072K, reserved 1179648K
  class space    used 8682K, committed 9408K, reserved 1048576K
}
Event: 87.184 GC heap after
{Heap after GC invocations=116 (full 3):
 PSYoungGen      total 13824K, used 998K [0x00000000d5580000, 0x00000000d6800000, 0x0000000100000000)
  eden space 12800K, 0% used [0x00000000d5580000,0x00000000d5580000,0x00000000d6200000)
  from space 1024K, 97% used [0x00000000d6200000,0x00000000d62f9ae0,0x00000000d6300000)
  to   space 3072K, 0% used [0x00000000d6500000,0x00000000d6500000,0x00000000d6800000)
 ParOldGen       total 181760K, used 181507K [0x0000000080000000, 0x000000008b180000, 0x00000000d5580000)
  object space 181760K, 99% used [0x0000000080000000,0x000000008b140ef8,0x000000008b180000)
 Metaspace       used 81402K, committed 83072K, reserved 1179648K
  class space    used 8682K, committed 9408K, reserved 1048576K
}
Event: 89.656 GC heap before
{Heap before GC invocations=117 (full 3):
 PSYoungGen      total 13824K, used 13798K [0x00000000d5580000, 0x00000000d6800000, 0x0000000100000000)
  eden space 12800K, 100% used [0x00000000d5580000,0x00000000d6200000,0x00000000d6200000)
  from space 1024K, 97% used [0x00000000d6200000,0x00000000d62f9ae0,0x00000000d6300000)
  to   space 3072K, 0% used [0x00000000d6500000,0x00000000d6500000,0x00000000d6800000)
 ParOldGen       total 181760K, used 181507K [0x0000000080000000, 0x000000008b180000, 0x00000000d5580000)
  object space 181760K, 99% used [0x0000000080000000,0x000000008b140ef8,0x000000008b180000)
 Metaspace       used 81503K, committed 83264K, reserved 1179648K
  class space    used 8682K, committed 9408K, reserved 1048576K
}
Event: 89.657 GC heap after
{Heap after GC invocations=117 (full 3):
 PSYoungGen      total 13312K, used 288K [0x00000000d5580000, 0x00000000d6580000, 0x0000000100000000)
  eden space 12800K, 0% used [0x00000000d5580000,0x00000000d5580000,0x00000000d6200000)
  from space 512K, 56% used [0x00000000d6500000,0x00000000d6548000,0x00000000d6580000)
  to   space 1536K, 0% used [0x00000000d6280000,0x00000000d6280000,0x00000000d6400000)
 ParOldGen       total 181760K, used 181571K [0x0000000080000000, 0x000000008b180000, 0x00000000d5580000)
  object space 181760K, 99% used [0x0000000080000000,0x000000008b150ef8,0x000000008b180000)
 Metaspace       used 81503K, committed 83264K, reserved 1179648K
  class space    used 8682K, committed 9408K, reserved 1048576K
}
Event: 90.773 GC heap before
{Heap before GC invocations=118 (full 3):
 PSYoungGen      total 13312K, used 12996K [0x00000000d5580000, 0x00000000d6580000, 0x0000000100000000)
  eden space 12800K, 99% used [0x00000000d5580000,0x00000000d61e9150,0x00000000d6200000)
  from space 512K, 56% used [0x00000000d6500000,0x00000000d6548000,0x00000000d6580000)
  to   space 1536K, 0% used [0x00000000d6280000,0x00000000d6280000,0x00000000d6400000)
 ParOldGen       total 181760K, used 181571K [0x0000000080000000, 0x000000008b180000, 0x00000000d5580000)
  object space 181760K, 99% used [0x0000000080000000,0x000000008b150ef8,0x000000008b180000)
 Metaspace       used 81526K, committed 83264K, reserved 1179648K
  class space    used 8682K, committed 9408K, reserved 1048576K
}
Event: 90.773 GC heap after
{Heap after GC invocations=118 (full 3):
 PSYoungGen      total 14336K, used 320K [0x00000000d5580000, 0x00000000d6580000, 0x0000000100000000)
  eden space 12800K, 0% used [0x00000000d5580000,0x00000000d5580000,0x00000000d6200000)
  from space 1536K, 20% used [0x00000000d6280000,0x00000000d62d0000,0x00000000d6400000)
  to   space 512K, 0% used [0x00000000d6500000,0x00000000d6500000,0x00000000d6580000)
 ParOldGen       total 181760K, used 181643K [0x0000000080000000, 0x000000008b180000, 0x00000000d5580000)
  object space 181760K, 99% used [0x0000000080000000,0x000000008b162ef8,0x000000008b180000)
 Metaspace       used 81526K, committed 83264K, reserved 1179648K
  class space    used 8682K, committed 9408K, reserved 1048576K
}
Event: 317.153 GC heap before
{Heap before GC invocations=119 (full 3):
 PSYoungGen      total 14336K, used 13120K [0x00000000d5580000, 0x00000000d6580000, 0x0000000100000000)
  eden space 12800K, 100% used [0x00000000d5580000,0x00000000d6200000,0x00000000d6200000)
  from space 1536K, 20% used [0x00000000d6280000,0x00000000d62d0000,0x00000000d6400000)
  to   space 512K, 0% used [0x00000000d6500000,0x00000000d6500000,0x00000000d6580000)
 ParOldGen       total 181760K, used 181643K [0x0000000080000000, 0x000000008b180000, 0x00000000d5580000)
  object space 181760K, 99% used [0x0000000080000000,0x000000008b162ef8,0x000000008b180000)
 Metaspace       used 81552K, committed 83264K, reserved 1179648K
  class space    used 8684K, committed 9408K, reserved 1048576K
}
Event: 317.155 GC heap after
{Heap after GC invocations=119 (full 3):
 PSYoungGen      total 13312K, used 224K [0x00000000d5580000, 0x00000000d6580000, 0x0000000100000000)
  eden space 12800K, 0% used [0x00000000d5580000,0x00000000d5580000,0x00000000d6200000)
  from space 512K, 43% used [0x00000000d6500000,0x00000000d6538000,0x00000000d6580000)
  to   space 512K, 0% used [0x00000000d6480000,0x00000000d6480000,0x00000000d6500000)
 ParOldGen       total 181760K, used 181691K [0x0000000080000000, 0x000000008b180000, 0x00000000d5580000)
  object space 181760K, 99% used [0x0000000080000000,0x000000008b16eef8,0x000000008b180000)
 Metaspace       used 81552K, committed 83264K, reserved 1179648K
  class space    used 8684K, committed 9408K, reserved 1048576K
}

Dll operation events (12 events):
Event: 0.014 Loaded shared library c:\Users\upate\.vscode\extensions\redhat.java-1.54.0-win32-x64\jre\21.0.10-win32-x86_64\bin\java.dll
Event: 0.099 Loaded shared library c:\Users\upate\.vscode\extensions\redhat.java-1.54.0-win32-x64\jre\21.0.10-win32-x86_64\bin\zip.dll
Event: 0.123 Loaded shared library C:\Users\upate\.vscode\extensions\redhat.java-1.54.0-win32-x64\jre\21.0.10-win32-x86_64\bin\instrument.dll
Event: 0.131 Loaded shared library C:\Users\upate\.vscode\extensions\redhat.java-1.54.0-win32-x64\jre\21.0.10-win32-x86_64\bin\net.dll
Event: 0.134 Loaded shared library C:\Users\upate\.vscode\extensions\redhat.java-1.54.0-win32-x64\jre\21.0.10-win32-x86_64\bin\nio.dll
Event: 0.137 Loaded shared library C:\Users\upate\.vscode\extensions\redhat.java-1.54.0-win32-x64\jre\21.0.10-win32-x86_64\bin\zip.dll
Event: 0.154 Loaded shared library C:\Users\upate\.vscode\extensions\redhat.java-1.54.0-win32-x64\jre\21.0.10-win32-x86_64\bin\jimage.dll
Event: 0.247 Loaded shared library c:\Users\upate\.vscode\extensions\redhat.java-1.54.0-win32-x64\jre\21.0.10-win32-x86_64\bin\verify.dll
Event: 1.591 Loaded shared library C:\Users\upate\AppData\Roaming\Code\User\globalStorage\redhat.java\1.54.0\config_win\org.eclipse.equinox.launcher\org.eclipse.equinox.launcher.win32.win32.x86_64_1.3.0.v20260203-2149\eclipse_11919.dll
Event: 5.130 Loaded shared library C:\Users\upate\AppData\Local\Temp\jna-111485463\jna10109626608509381161.dll
Event: 6.653 Loaded shared library C:\Users\upate\.vscode\extensions\redhat.java-1.54.0-win32-x64\jre\21.0.10-win32-x86_64\bin\sunmscapi.dll
Event: 7.077 Loaded shared library C:\Users\upate\.vscode\extensions\redhat.java-1.54.0-win32-x64\jre\21.0.10-win32-x86_64\bin\extnet.dll

Deoptimization events (20 events):
Event: 317.258 Thread 0x000001ae80385410 Uncommon trap: trap_request=0xffffff45 fr.pc=0x000001aeabdc9f48 relative=0x00000000000001a8
Event: 317.258 Thread 0x000001ae80385410 Uncommon trap: reason=unstable_if action=reinterpret pc=0x000001aeabdc9f48 method=jdk.internal.org.objectweb.asm.Frame.push(I)V @ 26 c2
Event: 317.258 Thread 0x000001ae80385410 DEOPT PACKING pc=0x000001aeabdc9f48 sp=0x000000028f5fd380
Event: 317.258 Thread 0x000001ae80385410 DEOPT UNPACKING pc=0x000001aeab6f3aa2 sp=0x000000028f5fd308 mode 2
Event: 317.290 Thread 0x000001ae80385410 Uncommon trap: trap_request=0xffffff45 fr.pc=0x000001aeac9163a4 relative=0x0000000000000884
Event: 317.290 Thread 0x000001ae80385410 Uncommon trap: reason=unstable_if action=reinterpret pc=0x000001aeac9163a4 method=org.eclipse.core.internal.localstore.FileSystemResourceManager.getStoreRoot(Lorg/eclipse/core/resources/IResource;)Lorg/eclipse/core/internal/localstore/FileStoreRoot; @ 33 
Event: 317.290 Thread 0x000001ae80385410 DEOPT PACKING pc=0x000001aeac9163a4 sp=0x000000028f5fec80
Event: 317.290 Thread 0x000001ae80385410 DEOPT UNPACKING pc=0x000001aeab6f3aa2 sp=0x000000028f5fec40 mode 2
Event: 317.291 Thread 0x000001ae80385410 Uncommon trap: trap_request=0xffffffde fr.pc=0x000001aeac58db08 relative=0x00000000000005a8
Event: 317.291 Thread 0x000001ae80385410 Uncommon trap: reason=class_check action=maybe_recompile pc=0x000001aeac58db08 method=java.io.InputStream.read([BII)I @ 15 c2
Event: 317.292 Thread 0x000001ae80385410 DEOPT PACKING pc=0x000001aeac58db08 sp=0x000000028f5feae0
Event: 317.292 Thread 0x000001ae80385410 DEOPT UNPACKING pc=0x000001aeab6f3aa2 sp=0x000000028f5fea98 mode 2
Event: 317.292 Thread 0x000001ae80385410 Uncommon trap: trap_request=0xffffffbe fr.pc=0x000001aeac50db50 relative=0x0000000000000450
Event: 317.292 Thread 0x000001ae80385410 Uncommon trap: reason=profile_predicate action=maybe_recompile pc=0x000001aeac50db50 method=java.io.InputStream.read([BII)I @ 37 c2
Event: 317.292 Thread 0x000001ae80385410 DEOPT PACKING pc=0x000001aeac50db50 sp=0x000000028f5fead0
Event: 317.292 Thread 0x000001ae80385410 DEOPT UNPACKING pc=0x000001aeab6f3aa2 sp=0x000000028f5feaa0 mode 2
Event: 317.292 Thread 0x000001ae80385410 Uncommon trap: trap_request=0xffffffde fr.pc=0x000001aeac58db08 relative=0x00000000000005a8
Event: 317.292 Thread 0x000001ae80385410 Uncommon trap: reason=class_check action=maybe_recompile pc=0x000001aeac58db08 method=java.io.InputStream.read([BII)I @ 15 c2
Event: 317.292 Thread 0x000001ae80385410 DEOPT PACKING pc=0x000001aeac58db08 sp=0x000000028f5feae0
Event: 317.292 Thread 0x000001ae80385410 DEOPT UNPACKING pc=0x000001aeab6f3aa2 sp=0x000000028f5fea98 mode 2

Classes loaded (20 events):
Event: 317.182 Loading class java/util/stream/Nodes$CollectorTask$OfRef
Event: 317.182 Loading class java/util/stream/Nodes$CollectorTask
Event: 317.184 Loading class java/util/stream/Nodes$CollectorTask done
Event: 317.184 Loading class java/util/stream/Nodes$CollectorTask$OfRef done
Event: 317.193 Loading class java/util/function/LongFunction
Event: 317.193 Loading class java/util/function/LongFunction done
Event: 317.194 Loading class java/util/stream/Nodes$ConcNode
Event: 317.194 Loading class java/util/stream/Nodes$AbstractConcNode
Event: 317.194 Loading class java/util/stream/Nodes$AbstractConcNode done
Event: 317.195 Loading class java/util/stream/Nodes$ConcNode done
Event: 317.228 Loading class java/util/stream/Nodes$ToArrayTask$OfRef
Event: 317.228 Loading class java/util/stream/Nodes$ToArrayTask
Event: 317.228 Loading class java/util/stream/Nodes$ToArrayTask done
Event: 317.228 Loading class java/util/stream/Nodes$ToArrayTask$OfRef done
Event: 317.236 Loading class java/io/ObjectOutputStream$BlockDataOutputStream
Event: 317.238 Loading class java/io/ObjectOutputStream$BlockDataOutputStream done
Event: 317.238 Loading class java/io/ObjectOutputStream$HandleTable
Event: 317.239 Loading class java/io/ObjectOutputStream$HandleTable done
Event: 317.239 Loading class java/io/ObjectOutputStream$ReplaceTable
Event: 317.240 Loading class java/io/ObjectOutputStream$ReplaceTable done

Classes unloaded (7 events):
Event: 5.761 Thread 0x000001aea0f04540 Unloading class 0x000001aeb91aa800 'java/lang/invoke/LambdaForm$MH+0x000001aeb91aa800'
Event: 5.761 Thread 0x000001aea0f04540 Unloading class 0x000001aeb91aa400 'java/lang/invoke/LambdaForm$MH+0x000001aeb91aa400'
Event: 5.761 Thread 0x000001aea0f04540 Unloading class 0x000001aeb91aa000 'java/lang/invoke/LambdaForm$MH+0x000001aeb91aa000'
Event: 5.761 Thread 0x000001aea0f04540 Unloading class 0x000001aeb91a9c00 'java/lang/invoke/LambdaForm$MH+0x000001aeb91a9c00'
Event: 5.761 Thread 0x000001aea0f04540 Unloading class 0x000001aeb91a9800 'java/lang/invoke/LambdaForm$BMH+0x000001aeb91a9800'
Event: 5.761 Thread 0x000001aea0f04540 Unloading class 0x000001aeb91a9400 'java/lang/invoke/LambdaForm$DMH+0x000001aeb91a9400'
Event: 5.761 Thread 0x000001aea0f04540 Unloading class 0x000001aeb91a8000 'java/lang/invoke/LambdaForm$DMH+0x000001aeb91a8000'

Classes redefined (0 events):
No events

Internal exceptions (20 events):
Event: 68.773 Thread 0x000001ae80384d80 Exception <a 'sun/nio/fs/WindowsException'{0x00000000d5f9b140}> (0x00000000d5f9b140) 
thrown [s\src\hotspot\share\prims\jni.cpp, line 520]
Event: 68.831 Thread 0x000001ae80384d80 Exception <a 'sun/nio/fs/WindowsException'{0x00000000d5d48600}> (0x00000000d5d48600) 
thrown [s\src\hotspot\share\prims\jni.cpp, line 520]
Event: 71.919 Thread 0x000001ae80384d80 Exception <a 'sun/nio/fs/WindowsException'{0x00000000d5d881d0}> (0x00000000d5d881d0) 
thrown [s\src\hotspot\share\prims\jni.cpp, line 520]
Event: 71.976 Thread 0x000001ae80384d80 Exception <a 'sun/nio/fs/WindowsException'{0x00000000d5c65960}> (0x00000000d5c65960) 
thrown [s\src\hotspot\share\prims\jni.cpp, line 520]
Event: 73.055 Thread 0x000001ae80385aa0 Exception <a 'sun/nio/fs/WindowsException'{0x00000000d5e505c0}> (0x00000000d5e505c0) 
thrown [s\src\hotspot\share\prims\jni.cpp, line 520]
Event: 77.574 Thread 0x000001ae81da9e30 Exception <a 'sun/nio/fs/WindowsException'{0x00000000d558da20}> (0x00000000d558da20) 
thrown [s\src\hotspot\share\prims\jni.cpp, line 520]
Event: 77.574 Thread 0x000001ae81da9e30 Exception <a 'sun/nio/fs/WindowsException'{0x00000000d558e050}> (0x00000000d558e050) 
thrown [s\src\hotspot\share\prims\jni.cpp, line 520]
Event: 79.952 Thread 0x000001ae80384d80 Exception <a 'sun/nio/fs/WindowsException'{0x00000000d5ec60e0}> (0x00000000d5ec60e0) 
thrown [s\src\hotspot\share\prims\jni.cpp, line 520]
Event: 82.657 Thread 0x000001ae8459bd30 Exception <a 'sun/nio/fs/WindowsException'{0x00000000d5675a90}> (0x00000000d5675a90) 
thrown [s\src\hotspot\share\prims\jni.cpp, line 520]
Event: 82.658 Thread 0x000001ae8459bd30 Exception <a 'sun/nio/fs/WindowsException'{0x00000000d56760c0}> (0x00000000d56760c0) 
thrown [s\src\hotspot\share\prims\jni.cpp, line 520]
Event: 87.148 Thread 0x000001ae80384d80 Exception <a 'sun/nio/fs/WindowsException'{0x00000000d58fd158}> (0x00000000d58fd158) 
thrown [s\src\hotspot\share\prims\jni.cpp, line 520]
Event: 87.200 Thread 0x000001ae80384d80 Exception <a 'sun/nio/fs/WindowsException'{0x00000000d57d45e0}> (0x00000000d57d45e0) 
thrown [s\src\hotspot\share\prims\jni.cpp, line 520]
Event: 88.513 Thread 0x000001ae80386130 Exception <a 'sun/nio/fs/WindowsException'{0x00000000d61ac6d8}> (0x00000000d61ac6d8) 
thrown [s\src\hotspot\share\prims\jni.cpp, line 520]
Event: 89.664 Thread 0x000001ae80384d80 Exception <a 'sun/nio/fs/WindowsException'{0x00000000d55b8428}> (0x00000000d55b8428) 
thrown [s\src\hotspot\share\prims\jni.cpp, line 520]
Event: 89.718 Thread 0x000001ae80384d80 Exception <a 'sun/nio/fs/WindowsException'{0x00000000d60e5b00}> (0x00000000d60e5b00) 
thrown [s\src\hotspot\share\prims\jni.cpp, line 520]
Event: 90.765 Thread 0x000001ae80384d80 Exception <a 'sun/nio/fs/WindowsException'{0x00000000d60ffbf8}> (0x00000000d60ffbf8) 
thrown [s\src\hotspot\share\prims\jni.cpp, line 520]
Event: 90.868 Thread 0x000001ae81da76d0 Exception <a 'sun/nio/fs/WindowsException'{0x00000000d6149bf8}> (0x00000000d6149bf8) 
thrown [s\src\hotspot\share\prims\jni.cpp, line 520]
Event: 90.897 Thread 0x000001ae80384d80 Exception <a 'sun/nio/fs/WindowsException'{0x00000000d60e2df8}> (0x00000000d60e2df8) 
thrown [s\src\hotspot\share\prims\jni.cpp, line 520]
Event: 317.217 Thread 0x000001ae80385410 Implicit null exception at 0x000001aeac2ab286 to 0x000001aeac2ab558
Event: 317.261 Thread 0x000001ae80385410 Exception <a 'java/lang/NoSuchMethodError'{0x00000000d56c6088}: 'java.lang.Object java.lang.invoke.DirectMethodHandle$Holder.newInvokeSpecial(java.lang.Object, java.lang.Object, java.lang.Object, java.lang.Object, java.lang.Object, java.lang.Object, java.lang.Object, java.lang.Object)'> (0x00000000d56c6088) 
thrown [s\src\hotspot\share\interpreter\linkResolver.cpp, line 773]

ZGC Phase Switch (0 events):
No events

VM Operations (20 events):
Event: 27695.876 Executing non-safepoint VM operation: HandshakeAllThreads (HandshakeForDeflation)
Event: 27695.876 Executing non-safepoint VM operation: HandshakeAllThreads (HandshakeForDeflation) done
Event: 27695.876 Executing non-safepoint VM operation: RendezvousGCThreads
Event: 27695.876 Executing non-safepoint VM operation: RendezvousGCThreads done
Event: 27756.049 Executing non-safepoint VM operation: HandshakeAllThreads (HandshakeForDeflation)
Event: 27756.049 Executing non-safepoint VM operation: HandshakeAllThreads (HandshakeForDeflation) done
Event: 27756.049 Executing non-safepoint VM operation: RendezvousGCThreads
Event: 27756.049 Executing non-safepoint VM operation: RendezvousGCThreads done
Event: 27816.134 Executing non-safepoint VM operation: HandshakeAllThreads (HandshakeForDeflation)
Event: 27816.135 Executing non-safepoint VM operation: HandshakeAllThreads (HandshakeForDeflation) done
Event: 27816.135 Executing non-safepoint VM operation: RendezvousGCThreads
Event: 27816.135 Executing non-safepoint VM operation: RendezvousGCThreads done
Event: 27936.481 Executing non-safepoint VM operation: HandshakeAllThreads (HandshakeForDeflation)
Event: 27936.481 Executing non-safepoint VM operation: HandshakeAllThreads (HandshakeForDeflation) done
Event: 27936.481 Executing non-safepoint VM operation: RendezvousGCThreads
Event: 27936.481 Executing non-safepoint VM operation: RendezvousGCThreads done
Event: 27996.492 Executing non-safepoint VM operation: HandshakeAllThreads (HandshakeForDeflation)
Event: 27996.492 Executing non-safepoint VM operation: HandshakeAllThreads (HandshakeForDeflation) done
Event: 27996.492 Executing non-safepoint VM operation: RendezvousGCThreads
Event: 27996.492 Executing non-safepoint VM operation: RendezvousGCThreads done

Memory protections (0 events):
No events

Nmethod flushes (20 events):
Event: 10.765 Thread 0x000001aea0f04540 flushing  nmethod 0x000001aea48f9490
Event: 10.765 Thread 0x000001aea0f04540 flushing osr nmethod 0x000001aea4905c90
Event: 10.765 Thread 0x000001aea0f04540 flushing osr nmethod 0x000001aea4907990
Event: 10.765 Thread 0x000001aea0f04540 flushing osr nmethod 0x000001aea4949110
Event: 10.765 Thread 0x000001aea0f04540 flushing  nmethod 0x000001aea4975910
Event: 10.765 Thread 0x000001aea0f04540 flushing  nmethod 0x000001aea4977190
Event: 10.765 Thread 0x000001aea0f04540 flushing  nmethod 0x000001aea498b210
Event: 10.765 Thread 0x000001aea0f04540 flushing  nmethod 0x000001aea498e710
Event: 10.765 Thread 0x000001aea0f04540 flushing  nmethod 0x000001aea498f090
Event: 10.765 Thread 0x000001aea0f04540 flushing  nmethod 0x000001aea49a9c90
Event: 10.765 Thread 0x000001aea0f04540 flushing  nmethod 0x000001aea49aac10
Event: 10.765 Thread 0x000001aea0f04540 flushing  nmethod 0x000001aea49ab210
Event: 10.765 Thread 0x000001aea0f04540 flushing  nmethod 0x000001aea49aba90
Event: 10.765 Thread 0x000001aea0f04540 flushing  nmethod 0x000001aea49ac910
Event: 10.765 Thread 0x000001aea0f04540 flushing  nmethod 0x000001aea49b1790
Event: 10.765 Thread 0x000001aea0f04540 flushing  nmethod 0x000001aea49df790
Event: 10.765 Thread 0x000001aea0f04540 flushing  nmethod 0x000001aea49ef110
Event: 10.765 Thread 0x000001aea0f04540 flushing  nmethod 0x000001aea49f0190
Event: 10.765 Thread 0x000001aea0f04540 flushing osr nmethod 0x000001aea4a0c990
Event: 10.765 Thread 0x000001aea0f04540 flushing  nmethod 0x000001aea4a3c790

Events (20 events):
Event: 317.230 Thread 0x000001ae8187a030 Thread added: 0x000001ae8187d4b0
Event: 317.230 Thread 0x000001ae8187a030 Thread added: 0x000001ae8187c790
Event: 317.232 Thread 0x000001ae8187d4b0 Thread exited: 0x000001ae8187d4b0
Event: 317.232 Thread 0x000001ae8187c790 Thread exited: 0x000001ae8187c790
Event: 317.232 Thread 0x000001ae8187a030 Thread exited: 0x000001ae8187a030
Event: 317.232 Thread 0x000001ae8187ad50 Thread exited: 0x000001ae8187ad50
Event: 328.214 Thread 0x000001ae81da8a80 Thread exited: 0x000001ae81da8a80
Event: 330.322 Thread 0x000001aef9dbf5f0 Thread exited: 0x000001aef9dbf5f0
Event: 338.566 Thread 0x000001aef9dc0310 Thread exited: 0x000001aef9dc0310
Event: 340.253 Thread 0x000001aef9dc09a0 Thread exited: 0x000001aef9dc09a0
Event: 342.353 Thread 0x000001aef9dc44b0 Thread exited: 0x000001aef9dc44b0
Event: 345.073 Thread 0x000001aef9dc51d0 Thread exited: 0x000001aef9dc51d0
Event: 347.430 Thread 0x000001ae8459c3c0 Thread exited: 0x000001ae8459c3c0
Event: 351.567 Thread 0x000001ae8459b6a0 Thread exited: 0x000001ae8459b6a0
Event: 365.834 Thread 0x000001aef9dc23e0 Thread exited: 0x000001aef9dc23e0
Event: 380.017 Thread 0x000001aef9dc16c0 Thread exited: 0x000001aef9dc16c0
Event: 387.264 Thread 0x000001aef9dc2a70 Thread exited: 0x000001aef9dc2a70
Event: 388.229 Thread 0x000001ae81dab1e0 Thread exited: 0x000001ae81dab1e0
Event: 448.242 Thread 0x000001ae81dab870 Thread exited: 0x000001ae81dab870
Event: 508.244 Thread 0x000001ae81da97a0 Thread exited: 0x000001ae81da97a0


Dynamic libraries:
0x00007ff62be30000 - 0x00007ff62be3e000 	c:\Users\upate\.vscode\extensions\redhat.java-1.54.0-win32-x64\jre\21.0.10-win32-x86_64\bin\java.exe
0x00007fffd3220000 - 0x00007fffd3487000 	C:\WINDOWS\SYSTEM32\ntdll.dll
0x00007fffd13e0000 - 0x00007fffd14a9000 	C:\WINDOWS\System32\KERNEL32.DLL
0x00007fffcff30000 - 0x00007fffd0327000 	C:\WINDOWS\System32\KERNELBASE.dll
0x00007fffd0330000 - 0x00007fffd047b000 	C:\WINDOWS\System32\ucrtbase.dll
0x00007fff53280000 - 0x00007fff5329e000 	c:\Users\upate\.vscode\extensions\redhat.java-1.54.0-win32-x64\jre\21.0.10-win32-x86_64\bin\VCRUNTIME140.dll
0x00007fff540b0000 - 0x00007fff540c8000 	c:\Users\upate\.vscode\extensions\redhat.java-1.54.0-win32-x64\jre\21.0.10-win32-x86_64\bin\jli.dll
0x00007fffd2140000 - 0x00007fffd2306000 	C:\WINDOWS\System32\USER32.dll
0x00007fffcff00000 - 0x00007fffcff27000 	C:\WINDOWS\System32\win32u.dll
0x00007fffd14c0000 - 0x00007fffd14eb000 	C:\WINDOWS\System32\GDI32.dll
0x00007fffcfc50000 - 0x00007fffcfd7c000 	C:\WINDOWS\System32\gdi32full.dll
0x00007fffd0540000 - 0x00007fffd05e3000 	C:\WINDOWS\System32\msvcp_win.dll
0x00007fffb56a0000 - 0x00007fffb5932000 	C:\WINDOWS\WinSxS\amd64_microsoft.windows.common-controls_6595b64144ccf1df_6.0.26100.8457_none_3e0b2faee331e92d\COMCTL32.dll
0x00007fffd1a80000 - 0x00007fffd1b29000 	C:\WINDOWS\System32\msvcrt.dll
0x00007fffd13a0000 - 0x00007fffd13d2000 	C:\WINDOWS\System32\IMM32.DLL
0x0000000061510000 - 0x000000006151d000 	C:\Program Files (x86)\360\Total Security\safemon\SafeWrapper.dll
0x00007fffd10b0000 - 0x00007fffd1166000 	C:\WINDOWS\System32\ADVAPI32.dll
0x00007fffd2f20000 - 0x00007fffd2fc7000 	C:\WINDOWS\System32\sechost.dll
0x00007fffd1280000 - 0x00007fffd1398000 	C:\WINDOWS\System32\RPCRT4.dll
0x00007fffc8d20000 - 0x00007fffc8e25000 	C:\Program Files (x86)\360\Total Security\safemon\libzdtp64.dll
0x00007fffd2530000 - 0x00007fffd2c9e000 	C:\WINDOWS\System32\SHELL32.dll
0x00007fffd2cb0000 - 0x00007fffd2d16000 	C:\WINDOWS\System32\SHLWAPI.dll
0x00007fffd06a0000 - 0x00007fffd0f0c000 	C:\WINDOWS\System32\Windows.Storage.dll
0x00007fffd1c10000 - 0x00007fffd1f93000 	C:\WINDOWS\System32\combase.dll
0x00007fffcf730000 - 0x00007fffcf73b000 	C:\WINDOWS\SYSTEM32\VERSION.dll
0x00007fffb4500000 - 0x00007fffb450c000 	c:\Users\upate\.vscode\extensions\redhat.java-1.54.0-win32-x64\jre\21.0.10-win32-x86_64\bin\vcruntime140_1.dll
0x00007fff32bd0000 - 0x00007fff32c5d000 	c:\Users\upate\.vscode\extensions\redhat.java-1.54.0-win32-x64\jre\21.0.10-win32-x86_64\bin\msvcp140.dll
0x00007ffef1210000 - 0x00007ffef1fb1000 	c:\Users\upate\.vscode\extensions\redhat.java-1.54.0-win32-x64\jre\21.0.10-win32-x86_64\bin\server\jvm.dll
0x00007fffd1170000 - 0x00007fffd11f0000 	C:\WINDOWS\System32\WS2_32.dll
0x00007fffcfab0000 - 0x00007fffcfb0e000 	C:\WINDOWS\SYSTEM32\POWRPROF.dll
0x00007fffc5280000 - 0x00007fffc52b6000 	C:\WINDOWS\SYSTEM32\WINMM.dll
0x00007fffcfa90000 - 0x00007fffcfaa4000 	C:\WINDOWS\SYSTEM32\UMPDC.dll
0x00007fffce970000 - 0x00007fffce98b000 	C:\WINDOWS\SYSTEM32\kernel.appcore.dll
0x00007fffa3760000 - 0x00007fffa376a000 	c:\Users\upate\.vscode\extensions\redhat.java-1.54.0-win32-x64\jre\21.0.10-win32-x86_64\bin\jimage.dll
0x00007fffcdb40000 - 0x00007fffcdd82000 	C:\WINDOWS\SYSTEM32\DBGHELP.DLL
0x00007fffd1b30000 - 0x00007fffd1c09000 	C:\WINDOWS\System32\OLEAUT32.dll
0x00007fffaef80000 - 0x00007fffaefbb000 	C:\WINDOWS\SYSTEM32\dbgcore.DLL
0x00007fffd05f0000 - 0x00007fffd0698000 	C:\WINDOWS\System32\bcryptPrimitives.dll
0x00007fff92640000 - 0x00007fff9264f000 	c:\Users\upate\.vscode\extensions\redhat.java-1.54.0-win32-x64\jre\21.0.10-win32-x86_64\bin\instrument.dll
0x00007fff53260000 - 0x00007fff53280000 	c:\Users\upate\.vscode\extensions\redhat.java-1.54.0-win32-x64\jre\21.0.10-win32-x86_64\bin\java.dll
0x00007fffd2e20000 - 0x00007fffd2f16000 	C:\WINDOWS\System32\SHCORE.dll
0x00007fffcfb70000 - 0x00007fffcfb99000 	C:\WINDOWS\SYSTEM32\profapi.dll
0x00007fff51b20000 - 0x00007fff51b38000 	c:\Users\upate\.vscode\extensions\redhat.java-1.54.0-win32-x64\jre\21.0.10-win32-x86_64\bin\zip.dll
0x00007fff92570000 - 0x00007fff92580000 	C:\Users\upate\.vscode\extensions\redhat.java-1.54.0-win32-x64\jre\21.0.10-win32-x86_64\bin\net.dll
0x00007fffc8a60000 - 0x00007fffc8b89000 	C:\WINDOWS\SYSTEM32\WINHTTP.dll
0x00007fffceee0000 - 0x00007fffcef4c000 	C:\WINDOWS\system32\mswsock.dll
0x00007fff51520000 - 0x00007fff51536000 	C:\Users\upate\.vscode\extensions\redhat.java-1.54.0-win32-x64\jre\21.0.10-win32-x86_64\bin\nio.dll
0x00007fff88570000 - 0x00007fff88580000 	c:\Users\upate\.vscode\extensions\redhat.java-1.54.0-win32-x64\jre\21.0.10-win32-x86_64\bin\verify.dll
0x00007fff4c400000 - 0x00007fff4c445000 	C:\Users\upate\AppData\Roaming\Code\User\globalStorage\redhat.java\1.54.0\config_win\org.eclipse.equinox.launcher\org.eclipse.equinox.launcher.win32.win32.x86_64_1.3.0.v20260203-2149\eclipse_11919.dll
0x00007fffd1fa0000 - 0x00007fffd2137000 	C:\WINDOWS\System32\ole32.dll
0x00007fffcf1c0000 - 0x00007fffcf1db000 	C:\WINDOWS\SYSTEM32\CRYPTSP.dll
0x00007fffce8d0000 - 0x00007fffce909000 	C:\WINDOWS\system32\rsaenh.dll
0x00007fffcef90000 - 0x00007fffcefc3000 	C:\WINDOWS\SYSTEM32\USERENV.dll
0x00007fffcfb40000 - 0x00007fffcfb6a000 	C:\WINDOWS\SYSTEM32\bcrypt.dll
0x00007fffcf1e0000 - 0x00007fffcf1ec000 	C:\WINDOWS\SYSTEM32\CRYPTBASE.dll
0x00007fffce410000 - 0x00007fffce442000 	C:\WINDOWS\SYSTEM32\IPHLPAPI.DLL
0x00007fffd14b0000 - 0x00007fffd14ba000 	C:\WINDOWS\System32\NSI.dll
0x00007fff4be50000 - 0x00007fff4be99000 	C:\Users\upate\AppData\Local\Temp\jna-111485463\jna10109626608509381161.dll
0x00007fffd1980000 - 0x00007fffd1988000 	C:\WINDOWS\System32\PSAPI.DLL
0x00007fffc9f90000 - 0x00007fffc9fad000 	C:\WINDOWS\SYSTEM32\dhcpcsvc6.DLL
0x00007fffc8cb0000 - 0x00007fffc8cd5000 	C:\WINDOWS\SYSTEM32\dhcpcsvc.DLL
0x00007fff845a0000 - 0x00007fff845ae000 	C:\Users\upate\.vscode\extensions\redhat.java-1.54.0-win32-x64\jre\21.0.10-win32-x86_64\bin\sunmscapi.dll
0x00007fffcfd80000 - 0x00007fffcfef8000 	C:\WINDOWS\System32\CRYPT32.dll
0x00007fffcf3e0000 - 0x00007fffcf410000 	C:\WINDOWS\SYSTEM32\ncrypt.dll
0x00007fffcf390000 - 0x00007fffcf3cf000 	C:\WINDOWS\SYSTEM32\NTASN1.dll
0x00007fffce4f0000 - 0x00007fffce622000 	C:\WINDOWS\SYSTEM32\DNSAPI.dll
0x00007fffc0a90000 - 0x00007fffc0a9b000 	C:\Windows\System32\rasadhlp.dll
0x00007fffc91f0000 - 0x00007fffc9276000 	C:\WINDOWS\System32\fwpuclnt.dll
0x00007fff830a0000 - 0x00007fff830a9000 	C:\Users\upate\.vscode\extensions\redhat.java-1.54.0-win32-x64\jre\21.0.10-win32-x86_64\bin\extnet.dll

JVMTI agents:
c:\Users\upate\.vscode\extensions\redhat.java-1.54.0-win32-x64\lombok\lombok-1.18.39-4050.jar path:c:\Users\upate\.vscode\extensions\redhat.java-1.54.0-win32-x64\jre\21.0.10-win32-x86_64\bin\instrument.dll, loaded, initialized, instrumentlib options:none

dbghelp: loaded successfully - version: 4.0.5 - missing functions: none
symbol engine: initialized successfully - sym options: 0x614 - pdb path: .;c:\Users\upate\.vscode\extensions\redhat.java-1.54.0-win32-x64\jre\21.0.10-win32-x86_64\bin;C:\WINDOWS\SYSTEM32;C:\WINDOWS\WinSxS\amd64_microsoft.windows.common-controls_6595b64144ccf1df_6.0.26100.8457_none_3e0b2faee331e92d;C:\Program Files (x86)\360\Total Security\safemon;c:\Users\upate\.vscode\extensions\redhat.java-1.54.0-win32-x64\jre\21.0.10-win32-x86_64\bin\server;C:\Users\upate\AppData\Roaming\Code\User\globalStorage\redhat.java\1.54.0\config_win\org.eclipse.equinox.launcher\org.eclipse.equinox.launcher.win32.win32.x86_64_1.3.0.v20260203-2149;C:\Users\upate\AppData\Local\Temp\jna-111485463

VM Arguments:
jvm_args: --add-modules=ALL-SYSTEM --add-opens=java.base/java.util=ALL-UNNAMED --add-opens=java.base/java.lang=ALL-UNNAMED --add-opens=java.base/sun.nio.fs=ALL-UNNAMED -Declipse.application=org.eclipse.jdt.ls.core.id1 -Dosgi.bundles.defaultStartLevel=4 -Declipse.product=org.eclipse.jdt.ls.core.product -Djava.import.generatesMetadataFilesAtProjectRoot=false -DDetectVMInstallationsJob.disabled=true -Dfile.encoding=utf8 -XX:+UseParallelGC -XX:GCTimeRatio=4 -XX:AdaptiveSizePolicyWeight=90 -Dsun.zip.disableMemoryMapping=true -Xmx2G -Xms100m -Xlog:disable -javaagent:c:\Users\upate\.vscode\extensions\redhat.java-1.54.0-win32-x64\lombok\lombok-1.18.39-4050.jar -XX:+HeapDumpOnOutOfMemoryError -XX:HeapDumpPath=c:\Users\upate\AppData\Roaming\Code\User\workspaceStorage\4c3d79a52c6db7e548a9b8ed200ca196\redhat.java -Daether.dependencyCollector.impl=bf 
java_command: c:\Users\upate\.vscode\extensions\redhat.java-1.54.0-win32-x64\server\plugins\org.eclipse.equinox.launcher_1.7.100.v20251111-0406.jar -configuration c:\Users\upate\AppData\Roaming\Code\User\globalStorage\redhat.java\1.54.0\config_win -data c:\Users\upate\AppData\Roaming\Code\User\workspaceStorage\4c3d79a52c6db7e548a9b8ed200ca196\redhat.java\jdt_ws --pipe=\\.\pipe\lsp-77ce2ef56cb3e184225ce184ef3c2c39-sock
java_class_path (initial): c:\Users\upate\.vscode\extensions\redhat.java-1.54.0-win32-x64\server\plugins\org.eclipse.equinox.launcher_1.7.100.v20251111-0406.jar
Launcher Type: SUN_STANDARD

[Global flags]
    uintx AdaptiveSizePolicyWeight                 = 90                                        {product} {command line}
     intx CICompilerCount                          = 4                                         {product} {ergonomic}
    uintx GCTimeRatio                              = 4                                         {product} {command line}
     bool HeapDumpOnOutOfMemoryError               = true                                   {manageable} {command line}
    ccstr HeapDumpPath                             = c:\Users\upate\AppData\Roaming\Code\User\workspaceStorage\4c3d79a52c6db7e548a9b8ed200ca196\redhat.java         {manageable} {command line}
   size_t InitialHeapSize                          = 104857600                                 {product} {command line}
   size_t MaxHeapSize                              = 2147483648                                {product} {command line}
   size_t MaxNewSize                               = 715653120                                 {product} {ergonomic}
   size_t MinHeapDeltaBytes                        = 524288                                    {product} {ergonomic}
   size_t MinHeapSize                              = 104857600                                 {product} {command line}
   size_t NewSize                                  = 34603008                                  {product} {ergonomic}
    uintx NonNMethodCodeHeapSize                   = 5839372                                {pd product} {ergonomic}
    uintx NonProfiledCodeHeapSize                  = 122909434                              {pd product} {ergonomic}
   size_t OldSize                                  = 70254592                                  {product} {ergonomic}
    uintx ProfiledCodeHeapSize                     = 122909434                              {pd product} {ergonomic}
    uintx ReservedCodeCacheSize                    = 251658240                              {pd product} {ergonomic}
     bool SegmentedCodeCache                       = true                                      {product} {ergonomic}
   size_t SoftMaxHeapSize                          = 2147483648                             {manageable} {ergonomic}
     bool UseCompressedOops                        = true                           {product lp64_product} {ergonomic}
     bool UseLargePagesIndividualAllocation        = false                                  {pd product} {ergonomic}
     bool UseParallelGC                            = true                                      {product} {command line}

Logging:
Log output configuration:
 #0: stdout all=off uptime,level,tags foldmultilines=false
 #1: stderr all=off uptime,level,tags foldmultilines=false

Release file:
JAVA_VERSION="21.0.10" 
MODULES="java.base java.compiler java.datatransfer java.xml java.prefs java.desktop java.instrument java.logging java.management java.security.sasl java.naming java.rmi java.management.rmi java.net.http java.scripting java.security.jgss java.transaction.xa java.sql java.sql.rowset java.xml.crypto java.se java.smartcardio jdk.accessibility jdk.internal.jvmstat jdk.attach jdk.charsets jdk.internal.opt jdk.zipfs jdk.compiler jdk.crypto.ec jdk.crypto.cryptoki jdk.crypto.mscapi jdk.dynalink jdk.internal.ed jdk.editpad jdk.hotspot.agent jdk.httpserver jdk.internal.le jdk.internal.vm.ci jdk.internal.vm.compiler jdk.internal.vm.compiler.management jdk.jartool jdk.javadoc jdk.jcmd jdk.management jdk.management.agent jdk.jconsole jdk.jdeps jdk.jdwp.agent jdk.jdi jdk.jfr jdk.jshell jdk.jsobject jdk.jstatd jdk.localedata jdk.management.jfr jdk.naming.dns jdk.naming.rmi jdk.net jdk.nio.mapmode jdk.random jdk.sctp jdk.security.auth jdk.security.jgss jdk.unsupported jdk.unsupported.desktop jdk.xml.dom" 

Environment Variables:
PATH=C:\Program Files\Common Files\Oracle\Java\javapath;C:\Program Files (x86)\Common Files\Oracle\Java\java8path;C:\Program Files (x86)\Common Files\Oracle\Java\javapath;C:\Windows\system32;C:\Windows;C:\Windows\System32\Wbem;C:\Windows\System32\WindowsPowerShell\v1.0\;C:\Windows\System32\OpenSSH\;C:\Program Files (x86)\NVIDIA Corporation\PhysX\Common;C:\Program Files\NVIDIA Corporation\NVIDIA NvDLISR;C:\Program Files\Java\jdk-22\bin;C:\Program Files\dotnet\;C:\Program Files\Git\cmd;C:\Program Files\Git\mingw64\bin;C:\Program Files\Git\usr\bin;C:\Program Files\Microsoft SQL Server\Client SDK\ODBC\170\Tools\Binn\;C:\Program Files (x86)\Microsoft SQL Server\150\Tools\Binn\;C:\Program Files\Microsoft SQL Server\150\Tools\Binn\;C:\Program Files\Microsoft SQL Server\150\DTS\Binn\;C:\Program Files (x86)\Microsoft SQL Server\160\DTS\Binn\;C:\Program Files (x86)\Windows Kits\10\Windows Performance Toolkit\;C:\WINDOWS\system32;C:\WINDOWS;C:\WINDOWS\System32\Wbem;C:\WINDOWS\System32\WindowsPowerShell\v1.0\;C:\WINDOWS\System32\OpenSSH\;C:\Program Files\CMake\bin;C:\Users\upate\AppData\Local\nvm;C:\nvm4w\nodejs;C:\Program Files\Docker\Docker\resources\bin;C:\Program Files\MySQL\MySQL Shell 8.0\bin\;C:\Users\upate\anaconda3;C:\Users\upate\anaconda3\Library\mingw-w64\bin;C:\Users\upate\anaconda3\Library\usr\bin;C:\Users\upate\anaconda3\Library\bin;C:\Users\upate\anaconda3\Scripts;C:\Users\upate\AppData\Local\Programs\Python\Python310\Scripts\;C:\Users\upate\AppData\Local\Programs\Python\Python310\;C:\Users\upate\AppData\Local\Programs\Python\Python313\Scripts\;C:\Users\upate\AppData\Local\Programs\Python\Python313\;C:\Users\upate\AppData\Local\Programs\Python\Launcher\;C:\Users\upate\AppData\Local\Microsoft\WindowsApps;C:\Users\upate\AppData\Local\Programs\Microsoft VS Code\bin;C:\Users\upate\.dotnet\tools;C:\Users\upate\AppData\Roaming\npm;C:\Users\upate\AppData\Local\nvm;C:\nvm4w\nodejs;C:\Users\upate\AppData\Local\Android\Sdk\emulator;C:\Users\upate\AppData\Local\Android\Sdk\platform-tools;C:\Program Files (x86)\Nmap
USERNAME=upate
OS=Windows_NT
PROCESSOR_IDENTIFIER=Intel64 Family 6 Model 154 Stepping 3, GenuineIntel
TMP=C:\Users\upate\AppData\Local\Temp
TEMP=C:\Users\upate\AppData\Local\Temp




Periodic native trim disabled

---------------  S Y S T E M  ---------------

OS:
 Windows 11 , 64 bit Build 26100 (10.0.26100.8328)
OS uptime: 7 days 17:03 hours
Hyper-V role detected

CPU: total 12 (initial active 12) (6 cores per cpu, 2 threads per core) family 6 model 154 stepping 3 microcode 0x429, cx8, cmov, fxsr, ht, mmx, 3dnowpref, sse, sse2, sse3, ssse3, sse4.1, sse4.2, popcnt, lzcnt, tsc, tscinvbit, avx, avx2, aes, erms, clmul, bmi1, bmi2, adx, sha, fma, vzeroupper, clflush, clflushopt, clwb, hv, serialize, rdtscp, rdpid, fsrm, f16c, cet_ibt, cet_ss
Processor Information for processor 0
  Max Mhz: 2000, Current Mhz: 2000, Mhz Limit: 2000
Processor Information for processor 1
  Max Mhz: 2000, Current Mhz: 2000, Mhz Limit: 2000
Processor Information for processor 2
  Max Mhz: 2000, Current Mhz: 2000, Mhz Limit: 2000
Processor Information for processor 3
  Max Mhz: 2000, Current Mhz: 2000, Mhz Limit: 2000
Processor Information for processor 4
  Max Mhz: 2000, Current Mhz: 1520, Mhz Limit: 2000
Processor Information for processor 5
  Max Mhz: 2000, Current Mhz: 2000, Mhz Limit: 2000
Processor Information for processor 6
  Max Mhz: 2000, Current Mhz: 2000, Mhz Limit: 2000
Processor Information for processor 7
  Max Mhz: 2000, Current Mhz: 2000, Mhz Limit: 2000
Processor Information for processor 8
  Max Mhz: 2000, Current Mhz: 1500, Mhz Limit: 1500
Processor Information for processor 9
  Max Mhz: 2000, Current Mhz: 1500, Mhz Limit: 1500
Processor Information for processor 10
  Max Mhz: 2000, Current Mhz: 1500, Mhz Limit: 1500
Processor Information for processor 11
  Max Mhz: 2000, Current Mhz: 1500, Mhz Limit: 1500

Memory: 4k page, system-wide physical 16058M (1027M free)
TotalPageFile size 24575M (AvailPageFile size 47M)
current process WorkingSet (physical memory assigned to process): 15M, peak: 468M
current process commit charge ("private bytes"): 498M, peak: 543M

vm_info: OpenJDK 64-Bit Server VM (21.0.10+7-LTS) for windows-amd64 JRE (21.0.10+7-LTS), built on 2026-01-20T00:00:00Z by "admin" with MS VC++ 17.12 (VS2022)

END.
